2026-02-05 16:32:45,212 - INFO - Reading Excel file: Goodwood Online registered students 2026 T1_S1 (1).xlsx
2026-02-05 16:32:45,589 - INFO - Loaded 1973 rows from Excel
2026-02-05 16:32:45,591 - WARNING - Row 6: Orphaned (no student data)
2026-02-05 16:32:45,592 - WARNING - Row 8: Orphaned (no student data)
2026-02-05 16:32:45,592 - WARNING - Row 10: Orphaned (no student data)
2026-02-05 16:32:45,592 - WARNING - Row 14: Orphaned (no student data)
2026-02-05 16:32:45,592 - WARNING - Row 15: Orphaned (no student data)
2026-02-05 16:32:45,592 - WARNING - Row 16: Orphaned (no student data)
2026-02-05 16:32:45,592 - WARNING - Row 18: Orphaned (no student data)
2026-02-05 16:32:45,593 - WARNING - Row 20: Orphaned (no student data)
2026-02-05 16:32:45,593 - WARNING - Row 21: Orphaned (no student data)
2026-02-05 16:32:45,593 - WARNING - Row 26: Orphaned (no student data)
2026-02-05 16:32:45,593 - WARNING - Row 31: Orphaned (no student data)
2026-02-05 16:32:45,594 - WARNING - Row 32: Orphaned (no student data)
2026-02-05 16:32:45,594 - WARNING - Row 33: Orphaned (no student data)
2026-02-05 16:32:45,594 - WARNING - Row 35: Orphaned (no student data)
2026-02-05 16:32:45,594 - WARNING - Row 37: Orphaned (no student data)
2026-02-05 16:32:45,594 - WARNING - Row 43: Orphaned (no student data)
2026-02-05 16:32:45,595 - WARNING - Row 46: Orphaned (no student data)
2026-02-05 16:32:45,595 - WARNING - Row 48: Orphaned (no student data)
2026-02-05 16:32:45,595 - WARNING - Row 52: Orphaned (no student data)
2026-02-05 16:32:45,595 - WARNING - Row 54: Orphaned (no student data)
2026-02-05 16:32:45,595 - WARNING - Row 57: Orphaned (no student data)
2026-02-05 16:32:45,595 - WARNING - Row 59: Orphaned (no student data)
2026-02-05 16:32:45,596 - WARNING - Row 61: Orphaned (no student data)
2026-02-05 16:32:45,596 - WARNING - Row 63: Orphaned (no student data)
2026-02-05 16:32:45,596 - WARNING - Row 65: Orphaned (no student data)
2026-02-05 16:32:45,596 - WARNING - Row 70: Orphaned (no student data)
2026-02-05 16:32:45,596 - WARNING - Row 72: Orphaned (no student data)
2026-02-05 16:32:45,596 - WARNING - Row 74: Orphaned (no student data)
2026-02-05 16:32:45,597 - WARNING - Row 79: Orphaned (no student data)
2026-02-05 16:32:45,597 - WARNING - Row 81: Orphaned (no student data)
2026-02-05 16:32:45,597 - WARNING - Row 83: Orphaned (no student data)
2026-02-05 16:32:45,597 - WARNING - Row 85: Orphaned (no student data)
2026-02-05 16:32:45,597 - WARNING - Row 87: Orphaned (no student data)
2026-02-05 16:32:45,597 - WARNING - Row 89: Orphaned (no student data)
2026-02-05 16:32:45,598 - WARNING - Row 90: Orphaned (no student data)
2026-02-05 16:32:45,598 - WARNING - Row 91: Orphaned (no student data)
2026-02-05 16:32:45,598 - WARNING - Row 95: Orphaned (no student data)
2026-02-05 16:32:45,598 - WARNING - Row 97: Orphaned (no student data)
2026-02-05 16:32:45,598 - WARNING - Row 104: Orphaned (no student data)
2026-02-05 16:32:45,599 - WARNING - Row 105: Orphaned (no student data)
2026-02-05 16:32:45,599 - WARNING - Row 110: Orphaned (no student data)
2026-02-05 16:32:45,599 - WARNING - Row 113: Orphaned (no student data)
2026-02-05 16:32:45,600 - WARNING - Row 120: Orphaned (no student data)
2026-02-05 16:32:45,600 - WARNING - Row 126: Orphaned (no student data)
2026-02-05 16:32:45,600 - WARNING - Row 128: Orphaned (no student data)
2026-02-05 16:32:45,600 - WARNING - Row 130: Orphaned (no student data)
2026-02-05 16:32:45,601 - WARNING - Row 136: Orphaned (no student data)
2026-02-05 16:32:45,601 - WARNING - Row 142: Orphaned (no student data)
2026-02-05 16:32:45,602 - WARNING - Row 145: Orphaned (no student data)
2026-02-05 16:32:45,602 - WARNING - Row 148: Orphaned (no student data)
2026-02-05 16:32:45,602 - WARNING - Row 149: Orphaned (no student data)
2026-02-05 16:32:45,602 - WARNING - Row 151: Orphaned (no student data)
2026-02-05 16:32:45,602 - WARNING - Row 153: Orphaned (no student data)
2026-02-05 16:32:45,603 - WARNING - Row 157: Orphaned (no student data)
2026-02-05 16:32:45,603 - WARNING - Row 159: Orphaned (no student data)
2026-02-05 16:32:45,603 - WARNING - Row 160: Orphaned (no student data)
2026-02-05 16:32:45,603 - WARNING - Row 161: Orphaned (no student data)
2026-02-05 16:32:45,603 - WARNING - Row 163: Orphaned (no student data)
2026-02-05 16:32:45,603 - WARNING - Row 166: Orphaned (no student data)
2026-02-05 16:32:45,603 - WARNING - Row 168: Orphaned (no student data)
2026-02-05 16:32:45,603 - WARNING - Row 169: Orphaned (no student data)
2026-02-05 16:32:45,604 - WARNING - Row 171: Orphaned (no student data)
2026-02-05 16:32:45,604 - WARNING - Row 172: Orphaned (no student data)
2026-02-05 16:32:45,604 - WARNING - Row 173: Orphaned (no student data)
2026-02-05 16:32:45,604 - WARNING - Row 175: Orphaned (no student data)
2026-02-05 16:32:45,604 - WARNING - Row 177: Orphaned (no student data)
2026-02-05 16:32:45,604 - WARNING - Row 179: Orphaned (no student data)
2026-02-05 16:32:45,604 - WARNING - Row 181: Orphaned (no student data)
2026-02-05 16:32:45,604 - WARNING - Row 182: Orphaned (no student data)
2026-02-05 16:32:45,604 - WARNING - Row 183: Orphaned (no student data)
2026-02-05 16:32:45,605 - WARNING - Row 185: Orphaned (no student data)
2026-02-05 16:32:45,605 - WARNING - Row 188: Orphaned (no student data)
2026-02-05 16:32:45,605 - WARNING - Row 189: Orphaned (no student data)
2026-02-05 16:32:45,605 - WARNING - Row 190: Orphaned (no student data)
2026-02-05 16:32:45,605 - WARNING - Row 192: Orphaned (no student data)
2026-02-05 16:32:45,605 - WARNING - Row 193: Orphaned (no student data)
2026-02-05 16:32:45,605 - WARNING - Row 194: Orphaned (no student data)
2026-02-05 16:32:45,606 - WARNING - Row 199: Orphaned (no student data)
2026-02-05 16:32:45,606 - WARNING - Row 200: Orphaned (no student data)
2026-02-05 16:32:45,606 - WARNING - Row 201: Orphaned (no student data)
2026-02-05 16:32:45,606 - WARNING - Row 204: Orphaned (no student data)
2026-02-05 16:32:45,606 - WARNING - Row 208: Orphaned (no student data)
2026-02-05 16:32:45,606 - WARNING - Row 210: Orphaned (no student data)
2026-02-05 16:32:45,607 - WARNING - Row 211: Orphaned (no student data)
2026-02-05 16:32:45,607 - WARNING - Row 214: Orphaned (no student data)
2026-02-05 16:32:45,607 - WARNING - Row 219: Orphaned (no student data)
2026-02-05 16:32:45,608 - ERROR - Row 230: Invalid - SURNAME is required
2026-02-05 16:32:45,608 - WARNING - Row 231: Orphaned (no student data)
2026-02-05 16:32:45,608 - WARNING - Row 236: Orphaned (no student data)
2026-02-05 16:32:45,608 - ERROR - Row 237: Invalid - SURNAME is required
2026-02-05 16:32:45,608 - WARNING - Row 238: Orphaned (no student data)
2026-02-05 16:32:45,609 - WARNING - Row 241: Orphaned (no student data)
2026-02-05 16:32:45,609 - WARNING - Row 243: Orphaned (no student data)
2026-02-05 16:32:45,609 - ERROR - Row 247: Invalid - SURNAME is required
2026-02-05 16:32:45,609 - WARNING - Row 248: Orphaned (no student data)
2026-02-05 16:32:45,609 - ERROR - Row 250: Invalid - SURNAME is required
2026-02-05 16:32:45,609 - WARNING - Row 252: Orphaned (no student data)
2026-02-05 16:32:45,610 - WARNING - Row 254: Orphaned (no student data)
2026-02-05 16:32:45,610 - WARNING - Row 256: Orphaned (no student data)
2026-02-05 16:32:45,610 - WARNING - Row 258: Orphaned (no student data)
2026-02-05 16:32:45,610 - WARNING - Row 259: Orphaned (no student data)
2026-02-05 16:32:45,610 - WARNING - Row 260: Orphaned (no student data)
2026-02-05 16:32:45,610 - WARNING - Row 263: Orphaned (no student data)
2026-02-05 16:32:45,610 - WARNING - Row 265: Orphaned (no student data)
2026-02-05 16:32:45,610 - WARNING - Row 266: Orphaned (no student data)
2026-02-05 16:32:45,610 - WARNING - Row 268: Orphaned (no student data)
2026-02-05 16:32:45,611 - WARNING - Row 270: Orphaned (no student data)
2026-02-05 16:32:45,611 - WARNING - Row 271: Orphaned (no student data)
2026-02-05 16:32:45,611 - ERROR - Row 273: Invalid - SURNAME is required
2026-02-05 16:32:45,611 - WARNING - Row 274: Orphaned (no student data)
2026-02-05 16:32:45,611 - WARNING - Row 276: Orphaned (no student data)
2026-02-05 16:32:45,611 - WARNING - Row 279: Orphaned (no student data)
2026-02-05 16:32:45,611 - WARNING - Row 280: Orphaned (no student data)
2026-02-05 16:32:45,612 - WARNING - Row 281: Orphaned (no student data)
2026-02-05 16:32:45,612 - WARNING - Row 286: Orphaned (no student data)
2026-02-05 16:32:45,612 - WARNING - Row 291: Orphaned (no student data)
2026-02-05 16:32:45,612 - WARNING - Row 293: Orphaned (no student data)
2026-02-05 16:32:45,613 - WARNING - Row 296: Orphaned (no student data)
2026-02-05 16:32:45,613 - WARNING - Row 298: Orphaned (no student data)
2026-02-05 16:32:45,613 - WARNING - Row 299: Orphaned (no student data)
2026-02-05 16:32:45,613 - WARNING - Row 300: Orphaned (no student data)
2026-02-05 16:32:45,613 - WARNING - Row 302: Orphaned (no student data)
2026-02-05 16:32:45,613 - WARNING - Row 309: Orphaned (no student data)
2026-02-05 16:32:45,614 - WARNING - Row 310: Orphaned (no student data)
2026-02-05 16:32:45,614 - WARNING - Row 311: Orphaned (no student data)
2026-02-05 16:32:45,614 - WARNING - Row 314: Orphaned (no student data)
2026-02-05 16:32:45,614 - WARNING - Row 316: Orphaned (no student data)
2026-02-05 16:32:45,614 - WARNING - Row 318: Orphaned (no student data)
2026-02-05 16:32:45,615 - WARNING - Row 322: Orphaned (no student data)
2026-02-05 16:32:45,615 - WARNING - Row 323: Orphaned (no student data)
2026-02-05 16:32:45,615 - WARNING - Row 324: Orphaned (no student data)
2026-02-05 16:32:45,615 - WARNING - Row 328: Orphaned (no student data)
2026-02-05 16:32:45,615 - WARNING - Row 329: Orphaned (no student data)
2026-02-05 16:32:45,615 - WARNING - Row 330: Orphaned (no student data)
2026-02-05 16:32:45,615 - WARNING - Row 333: Orphaned (no student data)
2026-02-05 16:32:45,615 - WARNING - Row 334: Orphaned (no student data)
2026-02-05 16:32:45,615 - WARNING - Row 335: Orphaned (no student data)
2026-02-05 16:32:45,616 - WARNING - Row 340: Orphaned (no student data)
2026-02-05 16:32:45,616 - WARNING - Row 341: Orphaned (no student data)
2026-02-05 16:32:45,616 - WARNING - Row 344: Orphaned (no student data)
2026-02-05 16:32:45,616 - WARNING - Row 345: Orphaned (no student data)
2026-02-05 16:32:45,616 - WARNING - Row 346: Orphaned (no student data)
2026-02-05 16:32:45,616 - WARNING - Row 348: Orphaned (no student data)
2026-02-05 16:32:45,616 - WARNING - Row 349: Orphaned (no student data)
2026-02-05 16:32:45,616 - WARNING - Row 350: Orphaned (no student data)
2026-02-05 16:32:45,617 - WARNING - Row 353: Orphaned (no student data)
2026-02-05 16:32:45,617 - WARNING - Row 357: Orphaned (no student data)
2026-02-05 16:32:45,617 - WARNING - Row 360: Orphaned (no student data)
2026-02-05 16:32:45,617 - WARNING - Row 361: Orphaned (no student data)
2026-02-05 16:32:45,617 - WARNING - Row 362: Orphaned (no student data)
2026-02-05 16:32:45,617 - WARNING - Row 364: Orphaned (no student data)
2026-02-05 16:32:45,617 - WARNING - Row 365: Orphaned (no student data)
2026-02-05 16:32:45,618 - WARNING - Row 368: Orphaned (no student data)
2026-02-05 16:32:45,618 - WARNING - Row 372: Orphaned (no student data)
2026-02-05 16:32:45,618 - WARNING - Row 373: Orphaned (no student data)
2026-02-05 16:32:45,618 - WARNING - Row 374: Orphaned (no student data)
2026-02-05 16:32:45,618 - WARNING - Row 376: Orphaned (no student data)
2026-02-05 16:32:45,618 - WARNING - Row 379: Orphaned (no student data)
2026-02-05 16:32:45,618 - WARNING - Row 381: Orphaned (no student data)
2026-02-05 16:32:45,619 - WARNING - Row 382: Orphaned (no student data)
2026-02-05 16:32:45,619 - WARNING - Row 383: Orphaned (no student data)
2026-02-05 16:32:45,619 - WARNING - Row 385: Orphaned (no student data)
2026-02-05 16:32:45,619 - WARNING - Row 389: Orphaned (no student data)
2026-02-05 16:32:45,619 - WARNING - Row 390: Orphaned (no student data)
2026-02-05 16:32:45,619 - WARNING - Row 391: Orphaned (no student data)
2026-02-05 16:32:45,619 - WARNING - Row 393: Orphaned (no student data)
2026-02-05 16:32:45,619 - WARNING - Row 395: Orphaned (no student data)
2026-02-05 16:32:45,619 - WARNING - Row 396: Orphaned (no student data)
2026-02-05 16:32:45,620 - WARNING - Row 398: Orphaned (no student data)
2026-02-05 16:32:45,620 - WARNING - Row 399: Orphaned (no student data)
2026-02-05 16:32:45,620 - WARNING - Row 400: Orphaned (no student data)
2026-02-05 16:32:45,620 - ERROR - Row 401: Invalid - SURNAME is required
2026-02-05 16:32:45,620 - WARNING - Row 403: Orphaned (no student data)
2026-02-05 16:32:45,620 - WARNING - Row 404: Orphaned (no student data)
2026-02-05 16:32:45,620 - WARNING - Row 405: Orphaned (no student data)
2026-02-05 16:32:45,620 - WARNING - Row 407: Orphaned (no student data)
2026-02-05 16:32:45,620 - WARNING - Row 408: Orphaned (no student data)
2026-02-05 16:32:45,620 - WARNING - Row 409: Orphaned (no student data)
2026-02-05 16:32:45,620 - WARNING - Row 411: Orphaned (no student data)
2026-02-05 16:32:45,621 - WARNING - Row 412: Orphaned (no student data)
2026-02-05 16:32:45,621 - WARNING - Row 413: Orphaned (no student data)
2026-02-05 16:32:45,621 - WARNING - Row 415: Orphaned (no student data)
2026-02-05 16:32:45,621 - WARNING - Row 416: Orphaned (no student data)
2026-02-05 16:32:45,621 - WARNING - Row 418: Orphaned (no student data)
2026-02-05 16:32:45,621 - WARNING - Row 419: Orphaned (no student data)
2026-02-05 16:32:45,621 - WARNING - Row 420: Orphaned (no student data)
2026-02-05 16:32:45,621 - WARNING - Row 422: Orphaned (no student data)
2026-02-05 16:32:45,622 - WARNING - Row 425: Orphaned (no student data)
2026-02-05 16:32:45,622 - WARNING - Row 426: Orphaned (no student data)
2026-02-05 16:32:45,622 - WARNING - Row 430: Orphaned (no student data)
2026-02-05 16:32:45,622 - WARNING - Row 433: Orphaned (no student data)
2026-02-05 16:32:45,622 - WARNING - Row 435: Orphaned (no student data)
2026-02-05 16:32:45,622 - WARNING - Row 437: Orphaned (no student data)
2026-02-05 16:32:45,623 - WARNING - Row 439: Orphaned (no student data)
2026-02-05 16:32:45,623 - WARNING - Row 440: Orphaned (no student data)
2026-02-05 16:32:45,623 - WARNING - Row 441: Orphaned (no student data)
2026-02-05 16:32:45,623 - WARNING - Row 445: Orphaned (no student data)
2026-02-05 16:32:45,623 - WARNING - Row 447: Orphaned (no student data)
2026-02-05 16:32:45,623 - WARNING - Row 448: Orphaned (no student data)
2026-02-05 16:32:45,624 - WARNING - Row 452: Orphaned (no student data)
2026-02-05 16:32:45,624 - WARNING - Row 455: Orphaned (no student data)
2026-02-05 16:32:45,624 - WARNING - Row 457: Orphaned (no student data)
2026-02-05 16:32:45,624 - WARNING - Row 460: Orphaned (no student data)
2026-02-05 16:32:45,624 - WARNING - Row 461: Orphaned (no student data)
2026-02-05 16:32:45,624 - WARNING - Row 462: Orphaned (no student data)
2026-02-05 16:32:45,625 - ERROR - Row 464: Invalid - SURNAME is required
2026-02-05 16:32:45,625 - WARNING - Row 465: Orphaned (no student data)
2026-02-05 16:32:45,625 - WARNING - Row 466: Orphaned (no student data)
2026-02-05 16:32:45,625 - WARNING - Row 469: Orphaned (no student data)
2026-02-05 16:32:45,625 - WARNING - Row 472: Orphaned (no student data)
2026-02-05 16:32:45,625 - WARNING - Row 473: Orphaned (no student data)
2026-02-05 16:32:45,625 - WARNING - Row 474: Orphaned (no student data)
2026-02-05 16:32:45,625 - WARNING - Row 476: Orphaned (no student data)
2026-02-05 16:32:45,625 - WARNING - Row 477: Orphaned (no student data)
2026-02-05 16:32:45,625 - WARNING - Row 478: Orphaned (no student data)
2026-02-05 16:32:45,626 - WARNING - Row 481: Orphaned (no student data)
2026-02-05 16:32:45,626 - WARNING - Row 482: Orphaned (no student data)
2026-02-05 16:32:45,626 - WARNING - Row 484: Orphaned (no student data)
2026-02-05 16:32:45,626 - WARNING - Row 485: Orphaned (no student data)
2026-02-05 16:32:45,626 - WARNING - Row 486: Orphaned (no student data)
2026-02-05 16:32:45,626 - WARNING - Row 490: Orphaned (no student data)
2026-02-05 16:32:45,626 - WARNING - Row 491: Orphaned (no student data)
2026-02-05 16:32:45,626 - WARNING - Row 492: Orphaned (no student data)
2026-02-05 16:32:45,627 - WARNING - Row 494: Orphaned (no student data)
2026-02-05 16:32:45,627 - WARNING - Row 495: Orphaned (no student data)
2026-02-05 16:32:45,627 - WARNING - Row 496: Orphaned (no student data)
2026-02-05 16:32:45,627 - WARNING - Row 499: Orphaned (no student data)
2026-02-05 16:32:45,627 - WARNING - Row 501: Orphaned (no student data)
2026-02-05 16:32:45,627 - WARNING - Row 504: Orphaned (no student data)
2026-02-05 16:32:45,627 - WARNING - Row 505: Orphaned (no student data)
2026-02-05 16:32:45,627 - WARNING - Row 506: Orphaned (no student data)
2026-02-05 16:32:45,628 - WARNING - Row 513: Orphaned (no student data)
2026-02-05 16:32:45,628 - WARNING - Row 516: Orphaned (no student data)
2026-02-05 16:32:45,628 - WARNING - Row 518: Orphaned (no student data)
2026-02-05 16:32:45,628 - WARNING - Row 520: Orphaned (no student data)
2026-02-05 16:32:45,628 - WARNING - Row 522: Orphaned (no student data)
2026-02-05 16:32:45,630 - WARNING - Row 552: Orphaned (no student data)
2026-02-05 16:32:45,631 - WARNING - Row 554: Orphaned (no student data)
2026-02-05 16:32:45,631 - WARNING - Row 556: Orphaned (no student data)
2026-02-05 16:32:45,631 - WARNING - Row 557: Orphaned (no student data)
2026-02-05 16:32:45,631 - WARNING - Row 558: Orphaned (no student data)
2026-02-05 16:32:45,631 - WARNING - Row 561: Orphaned (no student data)
2026-02-05 16:32:45,631 - WARNING - Row 562: Orphaned (no student data)
2026-02-05 16:32:45,631 - WARNING - Row 564: Orphaned (no student data)
2026-02-05 16:32:45,632 - WARNING - Row 566: Orphaned (no student data)
2026-02-05 16:32:45,632 - WARNING - Row 570: Orphaned (no student data)
2026-02-05 16:32:45,632 - WARNING - Row 571: Orphaned (no student data)
2026-02-05 16:32:45,632 - WARNING - Row 573: Orphaned (no student data)
2026-02-05 16:32:45,632 - WARNING - Row 574: Orphaned (no student data)
2026-02-05 16:32:45,632 - WARNING - Row 575: Orphaned (no student data)
2026-02-05 16:32:45,632 - WARNING - Row 578: Orphaned (no student data)
2026-02-05 16:32:45,633 - WARNING - Row 581: Orphaned (no student data)
2026-02-05 16:32:45,633 - WARNING - Row 585: Orphaned (no student data)
2026-02-05 16:32:45,633 - ERROR - Row 586: Invalid - SURNAME is required
2026-02-05 16:32:45,633 - WARNING - Row 590: Orphaned (no student data)
2026-02-05 16:32:45,633 - WARNING - Row 592: Orphaned (no student data)
2026-02-05 16:32:45,633 - WARNING - Row 594: Orphaned (no student data)
2026-02-05 16:32:45,634 - WARNING - Row 596: Orphaned (no student data)
2026-02-05 16:32:45,634 - WARNING - Row 598: Orphaned (no student data)
2026-02-05 16:32:45,634 - WARNING - Row 602: Orphaned (no student data)
2026-02-05 16:32:45,634 - WARNING - Row 605: Orphaned (no student data)
2026-02-05 16:32:45,634 - WARNING - Row 608: Orphaned (no student data)
2026-02-05 16:32:45,634 - WARNING - Row 609: Orphaned (no student data)
2026-02-05 16:32:45,635 - ERROR - Row 610: Invalid - SURNAME is required
2026-02-05 16:32:45,635 - WARNING - Row 613: Orphaned (no student data)
2026-02-05 16:32:45,635 - WARNING - Row 619: Orphaned (no student data)
2026-02-05 16:32:45,635 - WARNING - Row 621: Orphaned (no student data)
2026-02-05 16:32:45,635 - WARNING - Row 623: Orphaned (no student data)
2026-02-05 16:32:45,636 - WARNING - Row 625: Orphaned (no student data)
2026-02-05 16:32:45,636 - WARNING - Row 626: Orphaned (no student data)
2026-02-05 16:32:45,636 - WARNING - Row 627: Orphaned (no student data)
2026-02-05 16:32:45,636 - WARNING - Row 629: Orphaned (no student data)
2026-02-05 16:32:45,636 - WARNING - Row 633: ID_NUMBER should be 13 digits, got 3
2026-02-05 16:32:45,636 - WARNING - Row 634: Orphaned (no student data)
2026-02-05 16:32:45,636 - WARNING - Row 635: Orphaned (no student data)
2026-02-05 16:32:45,636 - WARNING - Row 638: Orphaned (no student data)
2026-02-05 16:32:45,637 - WARNING - Row 641: Orphaned (no student data)
2026-02-05 16:32:45,637 - WARNING - Row 644: Orphaned (no student data)
2026-02-05 16:32:45,637 - WARNING - Row 646: Orphaned (no student data)
2026-02-05 16:32:45,637 - WARNING - Row 649: Orphaned (no student data)
2026-02-05 16:32:45,637 - WARNING - Row 651: Orphaned (no student data)
2026-02-05 16:32:45,637 - WARNING - Row 652: Orphaned (no student data)
2026-02-05 16:32:45,638 - WARNING - Row 658: Orphaned (no student data)
2026-02-05 16:32:45,638 - WARNING - Row 660: Orphaned (no student data)
2026-02-05 16:32:45,638 - WARNING - Row 661: Orphaned (no student data)
2026-02-05 16:32:45,638 - WARNING - Row 662: Orphaned (no student data)
2026-02-05 16:32:45,638 - WARNING - Row 664: Orphaned (no student data)
2026-02-05 16:32:45,638 - WARNING - Row 665: Orphaned (no student data)
2026-02-05 16:32:45,638 - WARNING - Row 667: Orphaned (no student data)
2026-02-05 16:32:45,639 - WARNING - Row 670: Orphaned (no student data)
2026-02-05 16:32:45,639 - WARNING - Row 671: Orphaned (no student data)
2026-02-05 16:32:45,639 - WARNING - Row 673: Orphaned (no student data)
2026-02-05 16:32:45,639 - WARNING - Row 675: Orphaned (no student data)
2026-02-05 16:32:45,639 - WARNING - Row 680: Orphaned (no student data)
2026-02-05 16:32:45,639 - WARNING - Row 681: Orphaned (no student data)
2026-02-05 16:32:45,639 - WARNING - Row 682: Orphaned (no student data)
2026-02-05 16:32:45,639 - WARNING - Row 684: Orphaned (no student data)
2026-02-05 16:32:45,640 - WARNING - Row 685: Orphaned (no student data)
2026-02-05 16:32:45,640 - WARNING - Row 686: Orphaned (no student data)
2026-02-05 16:32:45,640 - WARNING - Row 689: Orphaned (no student data)
2026-02-05 16:32:45,640 - WARNING - Row 690: Orphaned (no student data)
2026-02-05 16:32:45,640 - ERROR - Row 691: Invalid - SURNAME is required
2026-02-05 16:32:45,640 - WARNING - Row 692: Orphaned (no student data)
2026-02-05 16:32:45,640 - WARNING - Row 694: Orphaned (no student data)
2026-02-05 16:32:45,640 - WARNING - Row 695: Orphaned (no student data)
2026-02-05 16:32:45,640 - ERROR - Row 699: Invalid - SURNAME is required
2026-02-05 16:32:45,641 - WARNING - Row 706: Orphaned (no student data)
2026-02-05 16:32:45,642 - WARNING - Row 715: Orphaned (no student data)
2026-02-05 16:32:45,642 - WARNING - Row 717: Orphaned (no student data)
2026-02-05 16:32:45,642 - WARNING - Row 719: Orphaned (no student data)
2026-02-05 16:32:45,643 - WARNING - Row 723: Orphaned (no student data)
2026-02-05 16:32:45,643 - WARNING - Row 732: Orphaned (no student data)
2026-02-05 16:32:45,643 - WARNING - Row 736: Orphaned (no student data)
2026-02-05 16:32:45,644 - WARNING - Row 737: Orphaned (no student data)
2026-02-05 16:32:45,644 - WARNING - Row 738: Orphaned (no student data)
2026-02-05 16:32:45,644 - WARNING - Row 740: Orphaned (no student data)
2026-02-05 16:32:45,644 - WARNING - Row 741: Orphaned (no student data)
2026-02-05 16:32:45,644 - WARNING - Row 742: Orphaned (no student data)
2026-02-05 16:32:45,644 - WARNING - Row 744: Orphaned (no student data)
2026-02-05 16:32:45,644 - WARNING - Row 745: Orphaned (no student data)
2026-02-05 16:32:45,644 - WARNING - Row 746: Orphaned (no student data)
2026-02-05 16:32:45,644 - ERROR - Row 747: Invalid - SURNAME is required
2026-02-05 16:32:45,644 - WARNING - Row 748: Orphaned (no student data)
2026-02-05 16:32:45,644 - WARNING - Row 749: Orphaned (no student data)
2026-02-05 16:32:45,644 - WARNING - Row 750: Orphaned (no student data)
2026-02-05 16:32:45,645 - WARNING - Row 752: Orphaned (no student data)
2026-02-05 16:32:45,645 - WARNING - Row 754: Orphaned (no student data)
2026-02-05 16:32:45,645 - WARNING - Row 756: Orphaned (no student data)
2026-02-05 16:32:45,645 - WARNING - Row 757: Orphaned (no student data)
2026-02-05 16:32:45,645 - WARNING - Row 758: Orphaned (no student data)
2026-02-05 16:32:45,645 - WARNING - Row 760: Orphaned (no student data)
2026-02-05 16:32:45,645 - WARNING - Row 762: Orphaned (no student data)
2026-02-05 16:32:45,645 - WARNING - Row 763: Orphaned (no student data)
2026-02-05 16:32:45,645 - WARNING - Row 764: Orphaned (no student data)
2026-02-05 16:32:45,646 - WARNING - Row 766: Orphaned (no student data)
2026-02-05 16:32:45,646 - WARNING - Row 767: Orphaned (no student data)
2026-02-05 16:32:45,646 - WARNING - Row 768: Orphaned (no student data)
2026-02-05 16:32:45,646 - WARNING - Row 770: Orphaned (no student data)
2026-02-05 16:32:45,646 - WARNING - Row 772: Orphaned (no student data)
2026-02-05 16:32:45,646 - WARNING - Row 773: Orphaned (no student data)
2026-02-05 16:32:45,646 - WARNING - Row 774: Orphaned (no student data)
2026-02-05 16:32:45,646 - WARNING - Row 776: Orphaned (no student data)
2026-02-05 16:32:45,646 - WARNING - Row 777: Orphaned (no student data)
2026-02-05 16:32:45,647 - WARNING - Row 778: Orphaned (no student data)
2026-02-05 16:32:45,647 - WARNING - Row 780: Orphaned (no student data)
2026-02-05 16:32:45,647 - WARNING - Row 782: Orphaned (no student data)
2026-02-05 16:32:45,647 - WARNING - Row 783: Orphaned (no student data)
2026-02-05 16:32:45,647 - WARNING - Row 784: Orphaned (no student data)
2026-02-05 16:32:45,647 - WARNING - Row 786: Orphaned (no student data)
2026-02-05 16:32:45,647 - WARNING - Row 787: Orphaned (no student data)
2026-02-05 16:32:45,647 - WARNING - Row 788: Orphaned (no student data)
2026-02-05 16:32:45,648 - WARNING - Row 792: Orphaned (no student data)
2026-02-05 16:32:45,648 - WARNING - Row 793: Orphaned (no student data)
2026-02-05 16:32:45,648 - WARNING - Row 797: Orphaned (no student data)
2026-02-05 16:32:45,648 - WARNING - Row 798: Orphaned (no student data)
2026-02-05 16:32:45,648 - WARNING - Row 800: Orphaned (no student data)
2026-02-05 16:32:45,648 - WARNING - Row 801: Orphaned (no student data)
2026-02-05 16:32:45,648 - WARNING - Row 803: Orphaned (no student data)
2026-02-05 16:32:45,649 - WARNING - Row 805: Orphaned (no student data)
2026-02-05 16:32:45,649 - WARNING - Row 806: Orphaned (no student data)
2026-02-05 16:32:45,649 - WARNING - Row 808: Orphaned (no student data)
2026-02-05 16:32:45,649 - WARNING - Row 809: Orphaned (no student data)
2026-02-05 16:32:45,649 - WARNING - Row 812: Orphaned (no student data)
2026-02-05 16:32:45,649 - WARNING - Row 813: Orphaned (no student data)
2026-02-05 16:32:45,649 - WARNING - Row 814: Orphaned (no student data)
2026-02-05 16:32:45,649 - WARNING - Row 818: Orphaned (no student data)
2026-02-05 16:32:45,650 - WARNING - Row 822: Orphaned (no student data)
2026-02-05 16:32:45,650 - WARNING - Row 823: Orphaned (no student data)
2026-02-05 16:32:45,650 - WARNING - Row 824: Orphaned (no student data)
2026-02-05 16:32:45,650 - WARNING - Row 826: Orphaned (no student data)
2026-02-05 16:32:45,650 - WARNING - Row 827: Orphaned (no student data)
2026-02-05 16:32:45,650 - WARNING - Row 828: Orphaned (no student data)
2026-02-05 16:32:45,650 - WARNING - Row 830: Orphaned (no student data)
2026-02-05 16:32:45,650 - ERROR - Row 832: Invalid - SURNAME is required
2026-02-05 16:32:45,651 - WARNING - Row 833: Orphaned (no student data)
2026-02-05 16:32:45,651 - WARNING - Row 834: Orphaned (no student data)
2026-02-05 16:32:45,651 - WARNING - Row 839: Orphaned (no student data)
2026-02-05 16:32:45,651 - WARNING - Row 840: Orphaned (no student data)
2026-02-05 16:32:45,651 - WARNING - Row 842: Orphaned (no student data)
2026-02-05 16:32:45,651 - WARNING - Row 843: Orphaned (no student data)
2026-02-05 16:32:45,651 - WARNING - Row 844: Orphaned (no student data)
2026-02-05 16:32:45,652 - WARNING - Row 846: Orphaned (no student data)
2026-02-05 16:32:45,652 - WARNING - Row 847: Orphaned (no student data)
2026-02-05 16:32:45,652 - WARNING - Row 848: Orphaned (no student data)
2026-02-05 16:32:45,652 - WARNING - Row 850: Orphaned (no student data)
2026-02-05 16:32:45,652 - WARNING - Row 851: Orphaned (no student data)
2026-02-05 16:32:45,652 - WARNING - Row 855: Orphaned (no student data)
2026-02-05 16:32:45,653 - WARNING - Row 861: Orphaned (no student data)
2026-02-05 16:32:45,653 - WARNING - Row 862: Orphaned (no student data)
2026-02-05 16:32:45,653 - WARNING - Row 868: Orphaned (no student data)
2026-02-05 16:32:45,653 - WARNING - Row 871: Orphaned (no student data)
2026-02-05 16:32:45,654 - WARNING - Row 876: Orphaned (no student data)
2026-02-05 16:32:45,654 - WARNING - Row 882: Orphaned (no student data)
2026-02-05 16:32:45,655 - WARNING - Row 890: Orphaned (no student data)
2026-02-05 16:32:45,655 - WARNING - Row 891: Orphaned (no student data)
2026-02-05 16:32:45,655 - WARNING - Row 892: Orphaned (no student data)
2026-02-05 16:32:45,655 - WARNING - Row 895: Orphaned (no student data)
2026-02-05 16:32:45,655 - WARNING - Row 897: Orphaned (no student data)
2026-02-05 16:32:45,655 - WARNING - Row 898: Orphaned (no student data)
2026-02-05 16:32:45,655 - WARNING - Row 899: Orphaned (no student data)
2026-02-05 16:32:45,656 - WARNING - Row 903: Orphaned (no student data)
2026-02-05 16:32:45,656 - WARNING - Row 907: Orphaned (no student data)
2026-02-05 16:32:45,656 - WARNING - Row 909: Orphaned (no student data)
2026-02-05 16:32:45,656 - WARNING - Row 911: Orphaned (no student data)
2026-02-05 16:32:45,656 - WARNING - Row 912: Orphaned (no student data)
2026-02-05 16:32:45,656 - WARNING - Row 913: Orphaned (no student data)
2026-02-05 16:32:45,657 - WARNING - Row 919: Orphaned (no student data)
2026-02-05 16:32:45,657 - ERROR - Row 920: Invalid - SURNAME is required
2026-02-05 16:32:45,657 - WARNING - Row 924: Orphaned (no student data)
2026-02-05 16:32:45,657 - WARNING - Row 930: Orphaned (no student data)
2026-02-05 16:32:45,657 - WARNING - Row 931: Orphaned (no student data)
2026-02-05 16:32:45,658 - WARNING - Row 933: Orphaned (no student data)
2026-02-05 16:32:45,658 - WARNING - Row 934: Orphaned (no student data)
2026-02-05 16:32:45,658 - WARNING - Row 935: Orphaned (no student data)
2026-02-05 16:32:45,658 - WARNING - Row 937: Orphaned (no student data)
2026-02-05 16:32:45,658 - WARNING - Row 939: Orphaned (no student data)
2026-02-05 16:32:45,658 - WARNING - Row 940: Orphaned (no student data)
2026-02-05 16:32:45,658 - WARNING - Row 942: Orphaned (no student data)
2026-02-05 16:32:45,658 - WARNING - Row 945: Orphaned (no student data)
2026-02-05 16:32:45,659 - WARNING - Row 948: Orphaned (no student data)
2026-02-05 16:32:45,659 - WARNING - Row 950: Orphaned (no student data)
2026-02-05 16:32:45,659 - WARNING - Row 951: Orphaned (no student data)
2026-02-05 16:32:45,659 - WARNING - Row 956: Orphaned (no student data)
2026-02-05 16:32:45,659 - WARNING - Row 960: Orphaned (no student data)
2026-02-05 16:32:45,659 - WARNING - Row 961: Orphaned (no student data)
2026-02-05 16:32:45,659 - WARNING - Row 962: Orphaned (no student data)
2026-02-05 16:32:45,660 - WARNING - Row 964: Orphaned (no student data)
2026-02-05 16:32:45,660 - WARNING - Row 965: Orphaned (no student data)
2026-02-05 16:32:45,660 - WARNING - Row 966: Orphaned (no student data)
2026-02-05 16:32:45,660 - WARNING - Row 968: Orphaned (no student data)
2026-02-05 16:32:45,660 - WARNING - Row 969: Orphaned (no student data)
2026-02-05 16:32:45,660 - WARNING - Row 971: Orphaned (no student data)
2026-02-05 16:32:45,660 - WARNING - Row 972: Orphaned (no student data)
2026-02-05 16:32:45,660 - WARNING - Row 974: Orphaned (no student data)
2026-02-05 16:32:45,660 - WARNING - Row 975: Orphaned (no student data)
2026-02-05 16:32:45,660 - WARNING - Row 977: Orphaned (no student data)
2026-02-05 16:32:45,661 - WARNING - Row 979: Orphaned (no student data)
2026-02-05 16:32:45,661 - WARNING - Row 983: Orphaned (no student data)
2026-02-05 16:32:45,661 - WARNING - Row 985: Orphaned (no student data)
2026-02-05 16:32:45,661 - WARNING - Row 986: Orphaned (no student data)
2026-02-05 16:32:45,661 - WARNING - Row 987: Orphaned (no student data)
2026-02-05 16:32:45,661 - WARNING - Row 989: Orphaned (no student data)
2026-02-05 16:32:45,662 - WARNING - Row 990: Orphaned (no student data)
2026-02-05 16:32:45,662 - WARNING - Row 991: Orphaned (no student data)
2026-02-05 16:32:45,662 - WARNING - Row 995: Orphaned (no student data)
2026-02-05 16:32:45,662 - WARNING - Row 997: Orphaned (no student data)
2026-02-05 16:32:45,662 - WARNING - Row 998: Orphaned (no student data)
2026-02-05 16:32:45,662 - WARNING - Row 999: Orphaned (no student data)
2026-02-05 16:32:45,662 - WARNING - Row 1003: Orphaned (no student data)
2026-02-05 16:32:45,663 - WARNING - Row 1005: Orphaned (no student data)
2026-02-05 16:32:45,663 - WARNING - Row 1006: Orphaned (no student data)
2026-02-05 16:32:45,663 - WARNING - Row 1007: Orphaned (no student data)
2026-02-05 16:32:45,663 - WARNING - Row 1010: Orphaned (no student data)
2026-02-05 16:32:45,663 - WARNING - Row 1014: Orphaned (no student data)
2026-02-05 16:32:45,663 - WARNING - Row 1015: Orphaned (no student data)
2026-02-05 16:32:45,664 - WARNING - Row 1017: Orphaned (no student data)
2026-02-05 16:32:45,664 - WARNING - Row 1018: Orphaned (no student data)
2026-02-05 16:32:45,664 - WARNING - Row 1019: Orphaned (no student data)
2026-02-05 16:32:45,664 - WARNING - Row 1021: Orphaned (no student data)
2026-02-05 16:32:45,664 - WARNING - Row 1023: Orphaned (no student data)
2026-02-05 16:32:45,664 - WARNING - Row 1024: Orphaned (no student data)
2026-02-05 16:32:45,664 - WARNING - Row 1025: Orphaned (no student data)
2026-02-05 16:32:45,665 - WARNING - Row 1028: Orphaned (no student data)
2026-02-05 16:32:45,665 - WARNING - Row 1029: Orphaned (no student data)
2026-02-05 16:32:45,665 - WARNING - Row 1030: Orphaned (no student data)
2026-02-05 16:32:45,665 - WARNING - Row 1032: Orphaned (no student data)
2026-02-05 16:32:45,665 - WARNING - Row 1033: Orphaned (no student data)
2026-02-05 16:32:45,665 - WARNING - Row 1034: Orphaned (no student data)
2026-02-05 16:32:45,665 - WARNING - Row 1036: Orphaned (no student data)
2026-02-05 16:32:45,665 - WARNING - Row 1038: Orphaned (no student data)
2026-02-05 16:32:45,665 - WARNING - Row 1039: Orphaned (no student data)
2026-02-05 16:32:45,665 - WARNING - Row 1040: Orphaned (no student data)
2026-02-05 16:32:45,665 - WARNING - Row 1042: Orphaned (no student data)
2026-02-05 16:32:45,665 - WARNING - Row 1043: Orphaned (no student data)
2026-02-05 16:32:45,666 - WARNING - Row 1044: Orphaned (no student data)
2026-02-05 16:32:45,666 - WARNING - Row 1046: Orphaned (no student data)
2026-02-05 16:32:45,666 - WARNING - Row 1047: Orphaned (no student data)
2026-02-05 16:32:45,666 - WARNING - Row 1048: Orphaned (no student data)
2026-02-05 16:32:45,666 - WARNING - Row 1050: Orphaned (no student data)
2026-02-05 16:32:45,666 - WARNING - Row 1051: Orphaned (no student data)
2026-02-05 16:32:45,666 - WARNING - Row 1052: Orphaned (no student data)
2026-02-05 16:32:45,666 - WARNING - Row 1054: Orphaned (no student data)
2026-02-05 16:32:45,666 - WARNING - Row 1055: Orphaned (no student data)
2026-02-05 16:32:45,666 - WARNING - Row 1056: Orphaned (no student data)
2026-02-05 16:32:45,666 - WARNING - Row 1058: Orphaned (no student data)
2026-02-05 16:32:45,666 - WARNING - Row 1059: Orphaned (no student data)
2026-02-05 16:32:45,667 - WARNING - Row 1060: Orphaned (no student data)
2026-02-05 16:32:45,667 - ERROR - Row 1063: Invalid - SURNAME is required
2026-02-05 16:32:45,667 - WARNING - Row 1064: Orphaned (no student data)
2026-02-05 16:32:45,667 - WARNING - Row 1065: Orphaned (no student data)
2026-02-05 16:32:45,667 - WARNING - Row 1067: Orphaned (no student data)
2026-02-05 16:32:45,667 - WARNING - Row 1068: Orphaned (no student data)
2026-02-05 16:32:45,667 - WARNING - Row 1069: Orphaned (no student data)
2026-02-05 16:32:45,667 - WARNING - Row 1071: Orphaned (no student data)
2026-02-05 16:32:45,667 - WARNING - Row 1072: Orphaned (no student data)
2026-02-05 16:32:45,667 - WARNING - Row 1074: Orphaned (no student data)
2026-02-05 16:32:45,668 - WARNING - Row 1076: Orphaned (no student data)
2026-02-05 16:32:45,668 - WARNING - Row 1079: Orphaned (no student data)
2026-02-05 16:32:45,668 - WARNING - Row 1080: Orphaned (no student data)
2026-02-05 16:32:45,668 - WARNING - Row 1081: Orphaned (no student data)
2026-02-05 16:32:45,668 - WARNING - Row 1085: Orphaned (no student data)
2026-02-05 16:32:45,668 - WARNING - Row 1086: Orphaned (no student data)
2026-02-05 16:32:45,668 - WARNING - Row 1087: Orphaned (no student data)
2026-02-05 16:32:45,668 - WARNING - Row 1090: Orphaned (no student data)
2026-02-05 16:32:45,669 - WARNING - Row 1093: Orphaned (no student data)
2026-02-05 16:32:45,669 - WARNING - Row 1094: Orphaned (no student data)
2026-02-05 16:32:45,669 - WARNING - Row 1095: Orphaned (no student data)
2026-02-05 16:32:45,669 - WARNING - Row 1098: Orphaned (no student data)
2026-02-05 16:32:45,669 - WARNING - Row 1099: Orphaned (no student data)
2026-02-05 16:32:45,669 - WARNING - Row 1102: Orphaned (no student data)
2026-02-05 16:32:45,669 - WARNING - Row 1103: Orphaned (no student data)
2026-02-05 16:32:45,669 - WARNING - Row 1106: Orphaned (no student data)
2026-02-05 16:32:45,670 - WARNING - Row 1108: Orphaned (no student data)
2026-02-05 16:32:45,670 - WARNING - Row 1109: Orphaned (no student data)
2026-02-05 16:32:45,670 - WARNING - Row 1110: Orphaned (no student data)
2026-02-05 16:32:45,670 - WARNING - Row 1112: Orphaned (no student data)
2026-02-05 16:32:45,670 - WARNING - Row 1113: Orphaned (no student data)
2026-02-05 16:32:45,670 - WARNING - Row 1114: Orphaned (no student data)
2026-02-05 16:32:45,670 - WARNING - Row 1116: Orphaned (no student data)
2026-02-05 16:32:45,670 - WARNING - Row 1117: Orphaned (no student data)
2026-02-05 16:32:45,670 - WARNING - Row 1118: Orphaned (no student data)
2026-02-05 16:32:45,670 - WARNING - Row 1120: Orphaned (no student data)
2026-02-05 16:32:45,670 - WARNING - Row 1121: Orphaned (no student data)
2026-02-05 16:32:45,670 - WARNING - Row 1122: Orphaned (no student data)
2026-02-05 16:32:45,671 - WARNING - Row 1124: Orphaned (no student data)
2026-02-05 16:32:45,671 - WARNING - Row 1126: Orphaned (no student data)
2026-02-05 16:32:45,671 - WARNING - Row 1127: Orphaned (no student data)
2026-02-05 16:32:45,671 - WARNING - Row 1129: Orphaned (no student data)
2026-02-05 16:32:45,671 - WARNING - Row 1130: Orphaned (no student data)
2026-02-05 16:32:45,671 - WARNING - Row 1131: Orphaned (no student data)
2026-02-05 16:32:45,671 - WARNING - Row 1133: Orphaned (no student data)
2026-02-05 16:32:45,671 - WARNING - Row 1134: Orphaned (no student data)
2026-02-05 16:32:45,672 - WARNING - Row 1137: Orphaned (no student data)
2026-02-05 16:32:45,672 - WARNING - Row 1138: Orphaned (no student data)
2026-02-05 16:32:45,672 - WARNING - Row 1141: Orphaned (no student data)
2026-02-05 16:32:45,672 - WARNING - Row 1145: Orphaned (no student data)
2026-02-05 16:32:45,673 - WARNING - Row 1146: Orphaned (no student data)
2026-02-05 16:32:45,673 - WARNING - Row 1147: Orphaned (no student data)
2026-02-05 16:32:45,673 - WARNING - Row 1150: Orphaned (no student data)
2026-02-05 16:32:45,673 - WARNING - Row 1151: Orphaned (no student data)
2026-02-05 16:32:45,673 - WARNING - Row 1152: Orphaned (no student data)
2026-02-05 16:32:45,673 - WARNING - Row 1156: Orphaned (no student data)
2026-02-05 16:32:45,673 - WARNING - Row 1157: Orphaned (no student data)
2026-02-05 16:32:45,674 - WARNING - Row 1159: Orphaned (no student data)
2026-02-05 16:32:45,674 - WARNING - Row 1160: Orphaned (no student data)
2026-02-05 16:32:45,674 - WARNING - Row 1163: Orphaned (no student data)
2026-02-05 16:32:45,674 - WARNING - Row 1164: Orphaned (no student data)
2026-02-05 16:32:45,674 - WARNING - Row 1165: Orphaned (no student data)
2026-02-05 16:32:45,674 - WARNING - Row 1168: Orphaned (no student data)
2026-02-05 16:32:45,674 - WARNING - Row 1169: Orphaned (no student data)
2026-02-05 16:32:45,674 - WARNING - Row 1170: Orphaned (no student data)
2026-02-05 16:32:45,675 - WARNING - Row 1175: Orphaned (no student data)
2026-02-05 16:32:45,675 - WARNING - Row 1176: Orphaned (no student data)
2026-02-05 16:32:45,675 - WARNING - Row 1178: Orphaned (no student data)
2026-02-05 16:32:45,675 - WARNING - Row 1179: Orphaned (no student data)
2026-02-05 16:32:45,675 - WARNING - Row 1180: Orphaned (no student data)
2026-02-05 16:32:45,675 - ERROR - Row 1181: Invalid - SURNAME is required
2026-02-05 16:32:45,675 - WARNING - Row 1182: Orphaned (no student data)
2026-02-05 16:32:45,675 - WARNING - Row 1183: Orphaned (no student data)
2026-02-05 16:32:45,675 - WARNING - Row 1184: Orphaned (no student data)
2026-02-05 16:32:45,675 - WARNING - Row 1186: Orphaned (no student data)
2026-02-05 16:32:45,675 - WARNING - Row 1187: Orphaned (no student data)
2026-02-05 16:32:45,676 - WARNING - Row 1189: Orphaned (no student data)
2026-02-05 16:32:45,676 - WARNING - Row 1190: Orphaned (no student data)
2026-02-05 16:32:45,676 - WARNING - Row 1191: Orphaned (no student data)
2026-02-05 16:32:45,676 - WARNING - Row 1195: Orphaned (no student data)
2026-02-05 16:32:45,676 - WARNING - Row 1196: Orphaned (no student data)
2026-02-05 16:32:45,676 - WARNING - Row 1197: Orphaned (no student data)
2026-02-05 16:32:45,676 - WARNING - Row 1200: Orphaned (no student data)
2026-02-05 16:32:45,676 - WARNING - Row 1201: Orphaned (no student data)
2026-02-05 16:32:45,676 - WARNING - Row 1202: Orphaned (no student data)
2026-02-05 16:32:45,677 - WARNING - Row 1205: Orphaned (no student data)
2026-02-05 16:32:45,677 - WARNING - Row 1206: Orphaned (no student data)
2026-02-05 16:32:45,677 - WARNING - Row 1209: Orphaned (no student data)
2026-02-05 16:32:45,677 - WARNING - Row 1210: Orphaned (no student data)
2026-02-05 16:32:45,677 - WARNING - Row 1211: Orphaned (no student data)
2026-02-05 16:32:45,677 - WARNING - Row 1215: Orphaned (no student data)
2026-02-05 16:32:45,677 - WARNING - Row 1216: Orphaned (no student data)
2026-02-05 16:32:45,677 - WARNING - Row 1217: Orphaned (no student data)
2026-02-05 16:32:45,677 - WARNING - Row 1219: Orphaned (no student data)
2026-02-05 16:32:45,678 - WARNING - Row 1220: Orphaned (no student data)
2026-02-05 16:32:45,678 - WARNING - Row 1221: Orphaned (no student data)
2026-02-05 16:32:45,678 - WARNING - Row 1223: Orphaned (no student data)
2026-02-05 16:32:45,678 - WARNING - Row 1224: Orphaned (no student data)
2026-02-05 16:32:45,678 - WARNING - Row 1226: Orphaned (no student data)
2026-02-05 16:32:45,678 - WARNING - Row 1227: Orphaned (no student data)
2026-02-05 16:32:45,678 - WARNING - Row 1228: Orphaned (no student data)
2026-02-05 16:32:45,678 - WARNING - Row 1231: Orphaned (no student data)
2026-02-05 16:32:45,678 - WARNING - Row 1233: Orphaned (no student data)
2026-02-05 16:32:45,678 - WARNING - Row 1234: Orphaned (no student data)
2026-02-05 16:32:45,678 - WARNING - Row 1235: Orphaned (no student data)
2026-02-05 16:32:45,679 - WARNING - Row 1239: Orphaned (no student data)
2026-02-05 16:32:45,679 - WARNING - Row 1240: Orphaned (no student data)
2026-02-05 16:32:45,679 - WARNING - Row 1241: Orphaned (no student data)
2026-02-05 16:32:45,679 - WARNING - Row 1246: Orphaned (no student data)
2026-02-05 16:32:45,679 - WARNING - Row 1249: Orphaned (no student data)
2026-02-05 16:32:45,679 - WARNING - Row 1250: Orphaned (no student data)
2026-02-05 16:32:45,680 - WARNING - Row 1251: Orphaned (no student data)
2026-02-05 16:32:45,681 - ERROR - Row 1260: Invalid - SURNAME is required
2026-02-05 16:32:45,681 - WARNING - Row 1263: Orphaned (no student data)
2026-02-05 16:32:45,681 - WARNING - Row 1265: Orphaned (no student data)
2026-02-05 16:32:45,681 - ERROR - Row 1269: Invalid - SURNAME is required
2026-02-05 16:32:45,682 - WARNING - Row 1272: Orphaned (no student data)
2026-02-05 16:32:45,682 - WARNING - Row 1275: Orphaned (no student data)
2026-02-05 16:32:45,682 - WARNING - Row 1277: Orphaned (no student data)
2026-02-05 16:32:45,682 - WARNING - Row 1282: Orphaned (no student data)
2026-02-05 16:32:45,683 - WARNING - Row 1286: Orphaned (no student data)
2026-02-05 16:32:45,683 - WARNING - Row 1287: Orphaned (no student data)
2026-02-05 16:32:45,683 - WARNING - Row 1289: Orphaned (no student data)
2026-02-05 16:32:45,683 - WARNING - Row 1293: Orphaned (no student data)
2026-02-05 16:32:45,683 - WARNING - Row 1295: Orphaned (no student data)
2026-02-05 16:32:45,683 - WARNING - Row 1297: Orphaned (no student data)
2026-02-05 16:32:45,683 - WARNING - Row 1298: Orphaned (no student data)
2026-02-05 16:32:45,684 - WARNING - Row 1299: Orphaned (no student data)
2026-02-05 16:32:45,684 - WARNING - Row 1301: Orphaned (no student data)
2026-02-05 16:32:45,684 - WARNING - Row 1303: Orphaned (no student data)
2026-02-05 16:32:45,684 - WARNING - Row 1310: Orphaned (no student data)
2026-02-05 16:32:45,685 - WARNING - Row 1312: Orphaned (no student data)
2026-02-05 16:32:45,685 - WARNING - Row 1318: Orphaned (no student data)
2026-02-05 16:32:45,685 - WARNING - Row 1324: Orphaned (no student data)
2026-02-05 16:32:45,685 - WARNING - Row 1325: Orphaned (no student data)
2026-02-05 16:32:45,686 - WARNING - Row 1326: Orphaned (no student data)
2026-02-05 16:32:45,686 - WARNING - Row 1328: Orphaned (no student data)
2026-02-05 16:32:45,686 - WARNING - Row 1329: Orphaned (no student data)
2026-02-05 16:32:45,686 - WARNING - Row 1330: Orphaned (no student data)
2026-02-05 16:32:45,686 - WARNING - Row 1332: Orphaned (no student data)
2026-02-05 16:32:45,686 - WARNING - Row 1333: Orphaned (no student data)
2026-02-05 16:32:45,686 - WARNING - Row 1334: Orphaned (no student data)
2026-02-05 16:32:45,686 - WARNING - Row 1337: Orphaned (no student data)
2026-02-05 16:32:45,686 - WARNING - Row 1339: Orphaned (no student data)
2026-02-05 16:32:45,687 - WARNING - Row 1341: Orphaned (no student data)
2026-02-05 16:32:45,687 - WARNING - Row 1342: Orphaned (no student data)
2026-02-05 16:32:45,687 - WARNING - Row 1343: Orphaned (no student data)
2026-02-05 16:32:45,687 - WARNING - Row 1345: Orphaned (no student data)
2026-02-05 16:32:45,687 - WARNING - Row 1346: Orphaned (no student data)
2026-02-05 16:32:45,687 - WARNING - Row 1347: Orphaned (no student data)
2026-02-05 16:32:45,687 - WARNING - Row 1349: Orphaned (no student data)
2026-02-05 16:32:45,687 - WARNING - Row 1350: Orphaned (no student data)
2026-02-05 16:32:45,687 - WARNING - Row 1351: Orphaned (no student data)
2026-02-05 16:32:45,687 - WARNING - Row 1353: Orphaned (no student data)
2026-02-05 16:32:45,688 - WARNING - Row 1354: Orphaned (no student data)
2026-02-05 16:32:45,688 - WARNING - Row 1355: Orphaned (no student data)
2026-02-05 16:32:45,688 - WARNING - Row 1357: Orphaned (no student data)
2026-02-05 16:32:45,688 - WARNING - Row 1360: Orphaned (no student data)
2026-02-05 16:32:45,688 - WARNING - Row 1361: Orphaned (no student data)
2026-02-05 16:32:45,688 - WARNING - Row 1362: Orphaned (no student data)
2026-02-05 16:32:45,688 - WARNING - Row 1364: Orphaned (no student data)
2026-02-05 16:32:45,688 - WARNING - Row 1365: Orphaned (no student data)
2026-02-05 16:32:45,689 - WARNING - Row 1366: Orphaned (no student data)
2026-02-05 16:32:45,689 - WARNING - Row 1369: Orphaned (no student data)
2026-02-05 16:32:45,689 - WARNING - Row 1370: Orphaned (no student data)
2026-02-05 16:32:45,689 - WARNING - Row 1371: Orphaned (no student data)
2026-02-05 16:32:45,689 - WARNING - Row 1373: Orphaned (no student data)
2026-02-05 16:32:45,689 - WARNING - Row 1375: Orphaned (no student data)
2026-02-05 16:32:45,689 - WARNING - Row 1376: Orphaned (no student data)
2026-02-05 16:32:45,689 - WARNING - Row 1377: Orphaned (no student data)
2026-02-05 16:32:45,689 - WARNING - Row 1379: Orphaned (no student data)
2026-02-05 16:32:45,690 - WARNING - Row 1382: Orphaned (no student data)
2026-02-05 16:32:45,690 - WARNING - Row 1383: Orphaned (no student data)
2026-02-05 16:32:45,690 - WARNING - Row 1384: Orphaned (no student data)
2026-02-05 16:32:45,690 - WARNING - Row 1387: Orphaned (no student data)
2026-02-05 16:32:45,690 - WARNING - Row 1388: Orphaned (no student data)
2026-02-05 16:32:45,690 - WARNING - Row 1389: Orphaned (no student data)
2026-02-05 16:32:45,690 - WARNING - Row 1391: Orphaned (no student data)
2026-02-05 16:32:45,690 - WARNING - Row 1392: Orphaned (no student data)
2026-02-05 16:32:45,691 - WARNING - Row 1397: Orphaned (no student data)
2026-02-05 16:32:45,691 - WARNING - Row 1398: Orphaned (no student data)
2026-02-05 16:32:45,691 - WARNING - Row 1399: Orphaned (no student data)
2026-02-05 16:32:45,691 - WARNING - Row 1401: Orphaned (no student data)
2026-02-05 16:32:45,691 - WARNING - Row 1402: Orphaned (no student data)
2026-02-05 16:32:45,691 - WARNING - Row 1403: Orphaned (no student data)
2026-02-05 16:32:45,691 - WARNING - Row 1405: Orphaned (no student data)
2026-02-05 16:32:45,691 - WARNING - Row 1406: Orphaned (no student data)
2026-02-05 16:32:45,691 - WARNING - Row 1408: Orphaned (no student data)
2026-02-05 16:32:45,691 - WARNING - Row 1409: Orphaned (no student data)
2026-02-05 16:32:45,692 - WARNING - Row 1412: Orphaned (no student data)
2026-02-05 16:32:45,692 - WARNING - Row 1413: Orphaned (no student data)
2026-02-05 16:32:45,692 - WARNING - Row 1414: Orphaned (no student data)
2026-02-05 16:32:45,692 - WARNING - Row 1420: Orphaned (no student data)
2026-02-05 16:32:45,692 - WARNING - Row 1421: Orphaned (no student data)
2026-02-05 16:32:45,692 - WARNING - Row 1422: Orphaned (no student data)
2026-02-05 16:32:45,693 - WARNING - Row 1426: Orphaned (no student data)
2026-02-05 16:32:45,693 - WARNING - Row 1428: Orphaned (no student data)
2026-02-05 16:32:45,693 - WARNING - Row 1429: Orphaned (no student data)
2026-02-05 16:32:45,693 - WARNING - Row 1430: Orphaned (no student data)
2026-02-05 16:32:45,693 - WARNING - Row 1434: Orphaned (no student data)
2026-02-05 16:32:45,693 - WARNING - Row 1437: Orphaned (no student data)
2026-02-05 16:32:45,694 - WARNING - Row 1438: Orphaned (no student data)
2026-02-05 16:32:45,694 - WARNING - Row 1446: Orphaned (no student data)
2026-02-05 16:32:45,694 - WARNING - Row 1447: Orphaned (no student data)
2026-02-05 16:32:45,694 - WARNING - Row 1448: Orphaned (no student data)
2026-02-05 16:32:45,694 - WARNING - Row 1450: Orphaned (no student data)
2026-02-05 16:32:45,695 - WARNING - Row 1452: Orphaned (no student data)
2026-02-05 16:32:45,695 - WARNING - Row 1453: Orphaned (no student data)
2026-02-05 16:32:45,695 - WARNING - Row 1454: Orphaned (no student data)
2026-02-05 16:32:45,695 - WARNING - Row 1458: Orphaned (no student data)
2026-02-05 16:32:45,695 - WARNING - Row 1459: Orphaned (no student data)
2026-02-05 16:32:45,695 - WARNING - Row 1461: Orphaned (no student data)
2026-02-05 16:32:45,695 - WARNING - Row 1462: Orphaned (no student data)
2026-02-05 16:32:45,696 - WARNING - Row 1474: Orphaned (no student data)
2026-02-05 16:32:45,696 - WARNING - Row 1475: Orphaned (no student data)
2026-02-05 16:32:45,696 - WARNING - Row 1476: Orphaned (no student data)
2026-02-05 16:32:45,697 - WARNING - Row 1480: Orphaned (no student data)
2026-02-05 16:32:45,697 - WARNING - Row 1484: Orphaned (no student data)
2026-02-05 16:32:45,697 - WARNING - Row 1486: Orphaned (no student data)
2026-02-05 16:32:45,697 - WARNING - Row 1492: Orphaned (no student data)
2026-02-05 16:32:45,697 - WARNING - Row 1493: Orphaned (no student data)
2026-02-05 16:32:45,698 - WARNING - Row 1498: Orphaned (no student data)
2026-02-05 16:32:45,698 - WARNING - Row 1499: Orphaned (no student data)
2026-02-05 16:32:45,698 - WARNING - Row 1500: Orphaned (no student data)
2026-02-05 16:32:45,698 - WARNING - Row 1503: Orphaned (no student data)
2026-02-05 16:32:45,698 - WARNING - Row 1504: Orphaned (no student data)
2026-02-05 16:32:45,698 - WARNING - Row 1505: Orphaned (no student data)
2026-02-05 16:32:45,698 - WARNING - Row 1507: Orphaned (no student data)
2026-02-05 16:32:45,698 - WARNING - Row 1509: Orphaned (no student data)
2026-02-05 16:32:45,699 - WARNING - Row 1511: Orphaned (no student data)
2026-02-05 16:32:45,699 - WARNING - Row 1522: Orphaned (no student data)
2026-02-05 16:32:45,700 - WARNING - Row 1526: Orphaned (no student data)
2026-02-05 16:32:45,700 - WARNING - Row 1532: Orphaned (no student data)
2026-02-05 16:32:45,700 - WARNING - Row 1534: Orphaned (no student data)
2026-02-05 16:32:45,701 - WARNING - Row 1541: Orphaned (no student data)
2026-02-05 16:32:45,701 - WARNING - Row 1546: Orphaned (no student data)
2026-02-05 16:32:45,701 - WARNING - Row 1547: Orphaned (no student data)
2026-02-05 16:32:45,702 - WARNING - Row 1552: Orphaned (no student data)
2026-02-05 16:32:45,702 - WARNING - Row 1554: Orphaned (no student data)
2026-02-05 16:32:45,702 - WARNING - Row 1557: Orphaned (no student data)
2026-02-05 16:32:45,703 - WARNING - Row 1560: Orphaned (no student data)
2026-02-05 16:32:45,703 - WARNING - Row 1561: Orphaned (no student data)
2026-02-05 16:32:45,703 - WARNING - Row 1563: Orphaned (no student data)
2026-02-05 16:32:45,703 - WARNING - Row 1564: Orphaned (no student data)
2026-02-05 16:32:45,703 - WARNING - Row 1568: Orphaned (no student data)
2026-02-05 16:32:45,703 - WARNING - Row 1570: Orphaned (no student data)
2026-02-05 16:32:45,704 - WARNING - Row 1575: Orphaned (no student data)
2026-02-05 16:32:45,704 - WARNING - Row 1577: Orphaned (no student data)
2026-02-05 16:32:45,704 - WARNING - Row 1580: Orphaned (no student data)
2026-02-05 16:32:45,704 - WARNING - Row 1582: Orphaned (no student data)
2026-02-05 16:32:45,704 - WARNING - Row 1584: Orphaned (no student data)
2026-02-05 16:32:45,704 - WARNING - Row 1585: Orphaned (no student data)
2026-02-05 16:32:45,704 - WARNING - Row 1586: Orphaned (no student data)
2026-02-05 16:32:45,705 - WARNING - Row 1591: Orphaned (no student data)
2026-02-05 16:32:45,705 - WARNING - Row 1598: Orphaned (no student data)
2026-02-05 16:32:45,705 - WARNING - Row 1599: Orphaned (no student data)
2026-02-05 16:32:45,705 - WARNING - Row 1600: Orphaned (no student data)
2026-02-05 16:32:45,705 - WARNING - Row 1602: Orphaned (no student data)
2026-02-05 16:32:45,706 - WARNING - Row 1603: Orphaned (no student data)
2026-02-05 16:32:45,706 - WARNING - Row 1606: Orphaned (no student data)
2026-02-05 16:32:45,706 - WARNING - Row 1610: Orphaned (no student data)
2026-02-05 16:32:45,706 - WARNING - Row 1613: Orphaned (no student data)
2026-02-05 16:32:45,706 - WARNING - Row 1614: Orphaned (no student data)
2026-02-05 16:32:45,707 - WARNING - Row 1618: Orphaned (no student data)
2026-02-05 16:32:45,707 - WARNING - Row 1620: Orphaned (no student data)
2026-02-05 16:32:45,707 - WARNING - Row 1621: Orphaned (no student data)
2026-02-05 16:32:45,707 - WARNING - Row 1623: Orphaned (no student data)
2026-02-05 16:32:45,707 - WARNING - Row 1624: Orphaned (no student data)
2026-02-05 16:32:45,707 - WARNING - Row 1625: Orphaned (no student data)
2026-02-05 16:32:45,707 - WARNING - Row 1627: Orphaned (no student data)
2026-02-05 16:32:45,707 - WARNING - Row 1628: Orphaned (no student data)
2026-02-05 16:32:45,707 - WARNING - Row 1629: Orphaned (no student data)
2026-02-05 16:32:45,707 - WARNING - Row 1631: Orphaned (no student data)
2026-02-05 16:32:45,708 - WARNING - Row 1632: Orphaned (no student data)
2026-02-05 16:32:45,708 - WARNING - Row 1635: Orphaned (no student data)
2026-02-05 16:32:45,708 - WARNING - Row 1636: Orphaned (no student data)
2026-02-05 16:32:45,708 - WARNING - Row 1638: Orphaned (no student data)
2026-02-05 16:32:45,708 - WARNING - Row 1639: Orphaned (no student data)
2026-02-05 16:32:45,708 - WARNING - Row 1643: Orphaned (no student data)
2026-02-05 16:32:45,708 - WARNING - Row 1646: Orphaned (no student data)
2026-02-05 16:32:45,709 - WARNING - Row 1647: Orphaned (no student data)
2026-02-05 16:32:45,709 - WARNING - Row 1648: Orphaned (no student data)
2026-02-05 16:32:45,709 - WARNING - Row 1650: Orphaned (no student data)
2026-02-05 16:32:45,709 - WARNING - Row 1651: Orphaned (no student data)
2026-02-05 16:32:45,709 - WARNING - Row 1652: Orphaned (no student data)
2026-02-05 16:32:45,709 - WARNING - Row 1654: Orphaned (no student data)
2026-02-05 16:32:45,709 - WARNING - Row 1655: Orphaned (no student data)
2026-02-05 16:32:45,709 - WARNING - Row 1656: Orphaned (no student data)
2026-02-05 16:32:45,709 - WARNING - Row 1659: Orphaned (no student data)
2026-02-05 16:32:45,709 - WARNING - Row 1661: Orphaned (no student data)
2026-02-05 16:32:45,709 - WARNING - Row 1662: Orphaned (no student data)
2026-02-05 16:32:45,710 - WARNING - Row 1663: Orphaned (no student data)
2026-02-05 16:32:45,710 - WARNING - Row 1667: Orphaned (no student data)
2026-02-05 16:32:45,710 - WARNING - Row 1668: Orphaned (no student data)
2026-02-05 16:32:45,710 - WARNING - Row 1670: Orphaned (no student data)
2026-02-05 16:32:45,710 - ERROR - Row 1673: Invalid - SURNAME is required
2026-02-05 16:32:45,710 - WARNING - Row 1677: Orphaned (no student data)
2026-02-05 16:32:45,711 - WARNING - Row 1679: Orphaned (no student data)
2026-02-05 16:32:45,711 - WARNING - Row 1680: Orphaned (no student data)
2026-02-05 16:32:45,711 - WARNING - Row 1682: Orphaned (no student data)
2026-02-05 16:32:45,711 - WARNING - Row 1683: Orphaned (no student data)
2026-02-05 16:32:45,711 - WARNING - Row 1684: Orphaned (no student data)
2026-02-05 16:32:45,711 - WARNING - Row 1686: Orphaned (no student data)
2026-02-05 16:32:45,711 - WARNING - Row 1689: Orphaned (no student data)
2026-02-05 16:32:45,711 - WARNING - Row 1690: Orphaned (no student data)
2026-02-05 16:32:45,711 - WARNING - Row 1691: Orphaned (no student data)
2026-02-05 16:32:45,712 - WARNING - Row 1694: Orphaned (no student data)
2026-02-05 16:32:45,712 - WARNING - Row 1696: Orphaned (no student data)
2026-02-05 16:32:45,712 - WARNING - Row 1697: Orphaned (no student data)
2026-02-05 16:32:45,712 - WARNING - Row 1698: Orphaned (no student data)
2026-02-05 16:32:45,712 - WARNING - Row 1700: Orphaned (no student data)
2026-02-05 16:32:45,712 - WARNING - Row 1701: Orphaned (no student data)
2026-02-05 16:32:45,712 - WARNING - Row 1702: Orphaned (no student data)
2026-02-05 16:32:45,712 - WARNING - Row 1704: Orphaned (no student data)
2026-02-05 16:32:45,713 - WARNING - Row 1710: Orphaned (no student data)
2026-02-05 16:32:45,713 - WARNING - Row 1711: Orphaned (no student data)
2026-02-05 16:32:45,713 - WARNING - Row 1713: Orphaned (no student data)
2026-02-05 16:32:45,713 - WARNING - Row 1714: Orphaned (no student data)
2026-02-05 16:32:45,713 - WARNING - Row 1716: Orphaned (no student data)
2026-02-05 16:32:45,713 - WARNING - Row 1717: Orphaned (no student data)
2026-02-05 16:32:45,714 - WARNING - Row 1718: Orphaned (no student data)
2026-02-05 16:32:45,714 - WARNING - Row 1726: Orphaned (no student data)
2026-02-05 16:32:45,714 - WARNING - Row 1727: Orphaned (no student data)
2026-02-05 16:32:45,714 - WARNING - Row 1728: Orphaned (no student data)
2026-02-05 16:32:45,714 - ERROR - Row 1729: Invalid - SURNAME is required
2026-02-05 16:32:45,714 - WARNING - Row 1730: Orphaned (no student data)
2026-02-05 16:32:45,714 - WARNING - Row 1731: Orphaned (no student data)
2026-02-05 16:32:45,714 - WARNING - Row 1732: Orphaned (no student data)
2026-02-05 16:32:45,715 - WARNING - Row 1737: Orphaned (no student data)
2026-02-05 16:32:45,715 - WARNING - Row 1738: Orphaned (no student data)
2026-02-05 16:32:45,715 - WARNING - Row 1739: Orphaned (no student data)
2026-02-05 16:32:45,715 - WARNING - Row 1742: Orphaned (no student data)
2026-02-05 16:32:45,715 - WARNING - Row 1743: Orphaned (no student data)
2026-02-05 16:32:45,715 - WARNING - Row 1744: Orphaned (no student data)
2026-02-05 16:32:45,716 - WARNING - Row 1749: Orphaned (no student data)
2026-02-05 16:32:45,716 - WARNING - Row 1750: Orphaned (no student data)
2026-02-05 16:32:45,716 - WARNING - Row 1751: Orphaned (no student data)
2026-02-05 16:32:45,716 - WARNING - Row 1752: Orphaned (no student data)
2026-02-05 16:32:45,716 - WARNING - Row 1759: Orphaned (no student data)
2026-02-05 16:32:45,716 - WARNING - Row 1760: Orphaned (no student data)
2026-02-05 16:32:45,716 - WARNING - Row 1762: Orphaned (no student data)
2026-02-05 16:32:45,717 - WARNING - Row 1764: Orphaned (no student data)
2026-02-05 16:32:45,717 - WARNING - Row 1766: Orphaned (no student data)
2026-02-05 16:32:45,717 - WARNING - Row 1767: Orphaned (no student data)
2026-02-05 16:32:45,717 - WARNING - Row 1768: Orphaned (no student data)
2026-02-05 16:32:45,717 - WARNING - Row 1770: Orphaned (no student data)
2026-02-05 16:32:45,717 - WARNING - Row 1771: Orphaned (no student data)
2026-02-05 16:32:45,717 - WARNING - Row 1774: Orphaned (no student data)
2026-02-05 16:32:45,718 - WARNING - Row 1779: Orphaned (no student data)
2026-02-05 16:32:45,718 - WARNING - Row 1780: Orphaned (no student data)
2026-02-05 16:32:45,718 - WARNING - Row 1784: Orphaned (no student data)
2026-02-05 16:32:45,718 - WARNING - Row 1787: Orphaned (no student data)
2026-02-05 16:32:45,718 - WARNING - Row 1788: Orphaned (no student data)
2026-02-05 16:32:45,718 - WARNING - Row 1789: Orphaned (no student data)
2026-02-05 16:32:45,718 - WARNING - Row 1791: Orphaned (no student data)
2026-02-05 16:32:45,718 - WARNING - Row 1793: Orphaned (no student data)
2026-02-05 16:32:45,719 - WARNING - Row 1795: Orphaned (no student data)
2026-02-05 16:32:45,719 - WARNING - Row 1796: Orphaned (no student data)
2026-02-05 16:32:45,719 - WARNING - Row 1799: Orphaned (no student data)
2026-02-05 16:32:45,719 - WARNING - Row 1800: Orphaned (no student data)
2026-02-05 16:32:45,719 - WARNING - Row 1807: Orphaned (no student data)
2026-02-05 16:32:45,720 - WARNING - Row 1812: Orphaned (no student data)
2026-02-05 16:32:45,720 - WARNING - Row 1813: Orphaned (no student data)
2026-02-05 16:32:45,720 - WARNING - Row 1820: Orphaned (no student data)
2026-02-05 16:32:45,721 - WARNING - Row 1826: Orphaned (no student data)
2026-02-05 16:32:45,721 - WARNING - Row 1834: Orphaned (no student data)
2026-02-05 16:32:45,721 - WARNING - Row 1835: Orphaned (no student data)
2026-02-05 16:32:45,721 - WARNING - Row 1836: Orphaned (no student data)
2026-02-05 16:32:45,722 - WARNING - Row 1838: Orphaned (no student data)
2026-02-05 16:32:45,722 - WARNING - Row 1840: Orphaned (no student data)
2026-02-05 16:32:45,722 - WARNING - Row 1841: Orphaned (no student data)
2026-02-05 16:32:45,722 - WARNING - Row 1844: Orphaned (no student data)
2026-02-05 16:32:45,722 - WARNING - Row 1847: Orphaned (no student data)
2026-02-05 16:32:45,723 - WARNING - Row 1862: Orphaned (no student data)
2026-02-05 16:32:45,725 - WARNING - Row 1884: Orphaned (no student data)
2026-02-05 16:32:45,725 - WARNING - Row 1886: Orphaned (no student data)
2026-02-05 16:32:45,725 - WARNING - Row 1888: Orphaned (no student data)
2026-02-05 16:32:45,725 - WARNING - Row 1891: Orphaned (no student data)
2026-02-05 16:32:45,725 - WARNING - Row 1892: Orphaned (no student data)
2026-02-05 16:32:45,726 - WARNING - Row 1894: Orphaned (no student data)
2026-02-05 16:32:45,726 - WARNING - Row 1895: Orphaned (no student data)
2026-02-05 16:32:45,726 - WARNING - Row 1896: Orphaned (no student data)
2026-02-05 16:32:45,726 - WARNING - Row 1898: Orphaned (no student data)
2026-02-05 16:32:45,726 - WARNING - Row 1899: Orphaned (no student data)
2026-02-05 16:32:45,726 - WARNING - Row 1900: Orphaned (no student data)
2026-02-05 16:32:45,726 - WARNING - Row 1902: Orphaned (no student data)
2026-02-05 16:32:45,726 - WARNING - Row 1903: Orphaned (no student data)
2026-02-05 16:32:45,726 - WARNING - Row 1904: Orphaned (no student data)
2026-02-05 16:32:45,726 - WARNING - Row 1906: Orphaned (no student data)
2026-02-05 16:32:45,726 - WARNING - Row 1908: Orphaned (no student data)
2026-02-05 16:32:45,727 - WARNING - Row 1909: Orphaned (no student data)
2026-02-05 16:32:45,727 - WARNING - Row 1910: Orphaned (no student data)
2026-02-05 16:32:45,727 - WARNING - Row 1912: Orphaned (no student data)
2026-02-05 16:32:45,727 - WARNING - Row 1913: Orphaned (no student data)
2026-02-05 16:32:45,727 - WARNING - Row 1914: Orphaned (no student data)
2026-02-05 16:32:45,727 - WARNING - Row 1916: Orphaned (no student data)
2026-02-05 16:32:45,727 - WARNING - Row 1917: Orphaned (no student data)
2026-02-05 16:32:45,727 - WARNING - Row 1918: Orphaned (no student data)
2026-02-05 16:32:45,727 - WARNING - Row 1921: Orphaned (no student data)
2026-02-05 16:32:45,727 - WARNING - Row 1923: Orphaned (no student data)
2026-02-05 16:32:45,728 - WARNING - Row 1924: Orphaned (no student data)
2026-02-05 16:32:45,728 - WARNING - Row 1925: Orphaned (no student data)
2026-02-05 16:32:45,728 - WARNING - Row 1927: Orphaned (no student data)
2026-02-05 16:32:45,728 - WARNING - Row 1929: Orphaned (no student data)
2026-02-05 16:32:45,728 - WARNING - Row 1930: Orphaned (no student data)
2026-02-05 16:32:45,728 - WARNING - Row 1932: Orphaned (no student data)
2026-02-05 16:32:45,728 - WARNING - Row 1933: Orphaned (no student data)
2026-02-05 16:32:45,728 - WARNING - Row 1936: Orphaned (no student data)
2026-02-05 16:32:45,728 - WARNING - Row 1937: Orphaned (no student data)
2026-02-05 16:32:45,728 - WARNING - Row 1938: Orphaned (no student data)
2026-02-05 16:32:45,729 - WARNING - Row 1941: Orphaned (no student data)
2026-02-05 16:32:45,729 - WARNING - Row 1942: Orphaned (no student data)
2026-02-05 16:32:45,729 - WARNING - Row 1943: Orphaned (no student data)
2026-02-05 16:32:45,729 - WARNING - Row 1945: Orphaned (no student data)
2026-02-05 16:32:45,729 - WARNING - Row 1947: Orphaned (no student data)
2026-02-05 16:32:45,729 - WARNING - Row 1949: Orphaned (no student data)
2026-02-05 16:32:45,729 - WARNING - Row 1950: Orphaned (no student data)
2026-02-05 16:32:45,729 - WARNING - Row 1951: Orphaned (no student data)
2026-02-05 16:32:45,729 - WARNING - Row 1954: Orphaned (no student data)
2026-02-05 16:32:45,730 - WARNING - Row 1955: Orphaned (no student data)
2026-02-05 16:32:45,730 - WARNING - Row 1956: Orphaned (no student data)
2026-02-05 16:32:45,730 - WARNING - Row 1959: Orphaned (no student data)
2026-02-05 16:32:45,730 - WARNING - Row 1960: Orphaned (no student data)
2026-02-05 16:32:45,730 - WARNING - Row 1962: Orphaned (no student data)
2026-02-05 16:32:45,730 - WARNING - Row 1964: Orphaned (no student data)
2026-02-05 16:32:45,730 - WARNING - Row 1965: Orphaned (no student data)
2026-02-05 16:32:45,730 - WARNING - Row 1966: Orphaned (no student data)
2026-02-05 16:32:45,730 - WARNING - Row 1969: Orphaned (no student data)
2026-02-05 16:32:45,731 - WARNING - Row 1971: Orphaned (no student data)
2026-02-05 16:32:45,731 - WARNING - Row 1974: Orphaned (no student data)
2026-02-05 16:32:45,738 - INFO - Generated CSV: output/tvet_enrolments_20260205_163245.csv
2026-02-05 16:32:45,738 - INFO - Generated summary: output/summary_20260205_163245.txt
